[80609 - Suricata-Main] 2026-09-20 19:59:41 Notice: suricata: This is Suricata version 8.0.7 RELEASE running in SYSTEM mode
[80609 - Suricata-Main] 2026-09-20 19:59:41 Info: cpu: CPUs/cores online: 8
[80609 - Suricata-Main] 2026-09-20 19:59:41 Info: suricata: Setting engine mode to IDS mode by default
[80609 - Suricata-Main] 2026-09-20 19:59:41 Info: exception-policy: master exception-policy set to: auto
[80609 - Suricata-Main] 2026-09-20 19:59:41 Info: suricata: Preparing unexpected signal handling
[80609 - Suricata-Main] 2026-09-20 19:59:41 Info: conf: Running in live mode, activating unix socket
[80609 - Suricata-Main] 2026-09-20 19:59:41 Info: logopenfile: fast output device (regular) initialized: fast.log
[80609 - Suricata-Main] 2026-09-20 19:59:41 Info: logopenfile: eve-log output device (regular) initialized: eve.json
[80609 - Suricata-Main] 2026-09-20 19:59:41 Info: logopenfile: stats output device (regular) initialized: stats.log
[80609 - Suricata-Main] 2026-09-20 19:59:41 Warning: detect: No rule files match the pattern /var/lib/suricata/rules/suricata.rules
[80609 - Suricata-Main] 2026-09-20 19:59:41 Warning: detect: 1 rule files specified, but no rules were loaded!
[80609 - Suricata-Main] 2026-09-20 19:59:41 Info: threshold-config: Threshold config parsed: 0 rule(s) found
[80609 - Suricata-Main] 2026-09-20 19:59:41 Info: detect: 0 signatures processed. 0 are IP-only rules, 0 are inspecting packet payload, 0 inspect application layer, 0 are decoder event only
[80609 - Suricata-Main] 2026-09-20 19:59:41 Info: unix-manager: unix socket '/var/run/suricata/suricata-command.socket'
[80609 - Suricata-Main] 2026-09-20 19:59:41 Info: runmodes: veth-rx: creating 8 threads
[80613 - W#01-veth-rx] 2026-09-20 19:59:41 Info: ioctl: veth-rx: MTU 1500
[80609 - Suricata-Main] 2026-09-20 19:59:42 Notice: threads: Threads created -> W: 8 FM: 1 FR: 1   Engine started.
[80609 - Suricata-Main] 2026-09-20 19:59:46 Notice: suricata: Signal Received.  Stopping engine.
[80609 - Suricata-Main] 2026-09-20 19:59:46 Info: suricata: time elapsed 5.145s
[80609 - Suricata-Main] 2026-09-20 19:59:47 Info: counters: Alerts: 0
[80612 - US] 2026-09-20 19:59:47 Info: unix-manager: unix socket '/var/run/suricata/suricata-command.socket' closed
[80609 - Suricata-Main] 2026-09-20 19:59:47 Notice: device: veth-rx: packets: 201, drops: 0 (0.00%), invalid chksum: 0
