[80199 - Suricata-Main] 2026-09-20 19:59:12 Notice: suricata: This is Suricata version 8.0.7 RELEASE running in SYSTEM mode
[80199 - Suricata-Main] 2026-09-20 19:59:12 Info: cpu: CPUs/cores online: 8
[80199 - Suricata-Main] 2026-09-20 19:59:12 Info: suricata: Setting engine mode to IDS mode by default
[80199 - Suricata-Main] 2026-09-20 19:59:12 Info: exception-policy: master exception-policy set to: auto
[80199 - Suricata-Main] 2026-09-20 19:59:12 Info: suricata: Preparing unexpected signal handling
[80199 - Suricata-Main] 2026-09-20 19:59:12 Info: conf: Running in live mode, activating unix socket
[80199 - Suricata-Main] 2026-09-20 19:59:12 Info: logopenfile: fast output device (regular) initialized: fast.log
[80199 - Suricata-Main] 2026-09-20 19:59:12 Info: logopenfile: eve-log output device (regular) initialized: eve.json
[80199 - Suricata-Main] 2026-09-20 19:59:12 Info: logopenfile: stats output device (regular) initialized: stats.log
[80199 - Suricata-Main] 2026-09-20 19:59:12 Warning: detect: No rule files match the pattern /var/lib/suricata/rules/suricata.rules
[80199 - Suricata-Main] 2026-09-20 19:59:12 Warning: detect: 1 rule files specified, but no rules were loaded!
[80199 - Suricata-Main] 2026-09-20 19:59:12 Info: threshold-config: Threshold config parsed: 0 rule(s) found
[80199 - Suricata-Main] 2026-09-20 19:59:12 Info: detect: 0 signatures processed. 0 are IP-only rules, 0 are inspecting packet payload, 0 inspect application layer, 0 are decoder event only
[80199 - Suricata-Main] 2026-09-20 19:59:12 Info: unix-manager: unix socket '/var/run/suricata/suricata-command.socket'
[80199 - Suricata-Main] 2026-09-20 19:59:13 Info: runmodes: veth-rx: creating 8 threads
[80203 - W#01-veth-rx] 2026-09-20 19:59:13 Info: ioctl: veth-rx: MTU 1500
[80199 - Suricata-Main] 2026-09-20 19:59:14 Notice: threads: Threads created -> W: 8 FM: 1 FR: 1   Engine started.
[80199 - Suricata-Main] 2026-09-20 19:59:18 Notice: suricata: Signal Received.  Stopping engine.
[80199 - Suricata-Main] 2026-09-20 19:59:19 Info: suricata: time elapsed 6.124s
[80199 - Suricata-Main] 2026-09-20 19:59:20 Info: counters: Alerts: 0
[80202 - US] 2026-09-20 19:59:20 Info: unix-manager: unix socket '/var/run/suricata/suricata-command.socket' closed
[80199 - Suricata-Main] 2026-09-20 19:59:20 Notice: device: veth-rx: packets: 1000, drops: 0 (0.00%), invalid chksum: 0
