[80088 - Suricata-Main] 2026-09-20 19:59:05 Notice: suricata: This is Suricata version 8.0.7 RELEASE running in SYSTEM mode
[80088 - Suricata-Main] 2026-09-20 19:59:05 Info: cpu: CPUs/cores online: 8
[80088 - Suricata-Main] 2026-09-20 19:59:05 Info: suricata: Setting engine mode to IDS mode by default
[80088 - Suricata-Main] 2026-09-20 19:59:05 Info: exception-policy: master exception-policy set to: auto
[80088 - Suricata-Main] 2026-09-20 19:59:05 Info: suricata: Preparing unexpected signal handling
[80088 - Suricata-Main] 2026-09-20 19:59:05 Info: conf: Running in live mode, activating unix socket
[80088 - Suricata-Main] 2026-09-20 19:59:05 Info: logopenfile: fast output device (regular) initialized: fast.log
[80088 - Suricata-Main] 2026-09-20 19:59:05 Info: logopenfile: eve-log output device (regular) initialized: eve.json
[80088 - Suricata-Main] 2026-09-20 19:59:05 Info: logopenfile: stats output device (regular) initialized: stats.log
[80088 - Suricata-Main] 2026-09-20 19:59:05 Warning: detect: No rule files match the pattern /var/lib/suricata/rules/suricata.rules
[80088 - Suricata-Main] 2026-09-20 19:59:05 Warning: detect: 1 rule files specified, but no rules were loaded!
[80088 - Suricata-Main] 2026-09-20 19:59:05 Info: threshold-config: Threshold config parsed: 0 rule(s) found
[80088 - Suricata-Main] 2026-09-20 19:59:05 Info: detect: 0 signatures processed. 0 are IP-only rules, 0 are inspecting packet payload, 0 inspect application layer, 0 are decoder event only
[80088 - Suricata-Main] 2026-09-20 19:59:05 Info: unix-manager: unix socket '/var/run/suricata/suricata-command.socket'
[80088 - Suricata-Main] 2026-09-20 19:59:05 Info: runmodes: veth-rx: creating 8 threads
[80092 - W#01-veth-rx] 2026-09-20 19:59:05 Info: ioctl: veth-rx: MTU 1500
[80088 - Suricata-Main] 2026-09-20 19:59:06 Notice: threads: Threads created -> W: 8 FM: 1 FR: 1   Engine started.
[80088 - Suricata-Main] 2026-09-20 19:59:09 Notice: suricata: Signal Received.  Stopping engine.
[80088 - Suricata-Main] 2026-09-20 19:59:10 Info: suricata: time elapsed 5.158s
[80088 - Suricata-Main] 2026-09-20 19:59:11 Info: counters: Alerts: 0
[80091 - US] 2026-09-20 19:59:11 Info: unix-manager: unix socket '/var/run/suricata/suricata-command.socket' closed
[80088 - Suricata-Main] 2026-09-20 19:59:11 Notice: device: veth-rx: packets: 120, drops: 0 (0.00%), invalid chksum: 0
