[80694 - Suricata-Main] 2026-09-20 19:59:48 Notice: suricata: This is Suricata version 8.0.7 RELEASE running in SYSTEM mode
[80694 - Suricata-Main] 2026-09-20 19:59:48 Info: cpu: CPUs/cores online: 8
[80694 - Suricata-Main] 2026-09-20 19:59:48 Info: suricata: Setting engine mode to IDS mode by default
[80694 - Suricata-Main] 2026-09-20 19:59:48 Info: exception-policy: master exception-policy set to: auto
[80694 - Suricata-Main] 2026-09-20 19:59:48 Info: suricata: Preparing unexpected signal handling
[80694 - Suricata-Main] 2026-09-20 19:59:49 Info: conf: Running in live mode, activating unix socket
[80694 - Suricata-Main] 2026-09-20 19:59:49 Info: logopenfile: fast output device (regular) initialized: fast.log
[80694 - Suricata-Main] 2026-09-20 19:59:49 Info: logopenfile: eve-log output device (regular) initialized: eve.json
[80694 - Suricata-Main] 2026-09-20 19:59:49 Info: logopenfile: stats output device (regular) initialized: stats.log
[80694 - Suricata-Main] 2026-09-20 19:59:49 Warning: detect: No rule files match the pattern /var/lib/suricata/rules/suricata.rules
[80694 - Suricata-Main] 2026-09-20 19:59:49 Warning: detect: 1 rule files specified, but no rules were loaded!
[80694 - Suricata-Main] 2026-09-20 19:59:49 Info: threshold-config: Threshold config parsed: 0 rule(s) found
[80694 - Suricata-Main] 2026-09-20 19:59:49 Info: detect: 0 signatures processed. 0 are IP-only rules, 0 are inspecting packet payload, 0 inspect application layer, 0 are decoder event only
[80694 - Suricata-Main] 2026-09-20 19:59:49 Info: unix-manager: unix socket '/var/run/suricata/suricata-command.socket'
[80694 - Suricata-Main] 2026-09-20 19:59:49 Info: runmodes: veth-rx: creating 8 threads
[80698 - W#01-veth-rx] 2026-09-20 19:59:49 Info: ioctl: veth-rx: MTU 1500
[80694 - Suricata-Main] 2026-09-20 19:59:50 Notice: threads: Threads created -> W: 8 FM: 1 FR: 1   Engine started.
[80694 - Suricata-Main] 2026-09-20 19:59:54 Notice: suricata: Signal Received.  Stopping engine.
[80694 - Suricata-Main] 2026-09-20 19:59:55 Info: suricata: time elapsed 6.126s
[80694 - Suricata-Main] 2026-09-20 19:59:56 Info: counters: Alerts: 0
[80697 - US] 2026-09-20 19:59:56 Info: unix-manager: unix socket '/var/run/suricata/suricata-command.socket' closed
[80694 - Suricata-Main] 2026-09-20 19:59:56 Notice: device: veth-rx: packets: 1433, drops: 0 (0.00%), invalid chksum: 0
